[www.brunel.ac.uk/index.html]
[backblue.gif]
[fade.gif]
[index.html]
[www.brunel.ac.uk/SiteElements/css/brunelaae2.css]
[www.brunel.ac.uk/SiteElements/css/ToBeSassedef4c.css]
[www.brunel.ac.uk/SiteElements/plugins/Responsive-tables/responsive-tables92fe.css]
[www.brunel.ac.uk/SiteElements/css/print2a9e.css]
[www.brunel.ac.uk/WebResourceb0d5.js]
[www.brunel.ac.uk/WebResource22e0.axd]
[www.brunel.ac.uk/SiteElements/js/sitewide-scripts-gtm.js]
[consent.cookiebot.com/uc.js]
[www.brunel.ac.uk/SiteElements/images/favicon/apple-icon-57x57.png]
[www.brunel.ac.uk/SiteElements/images/favicon/apple-icon-60x60.png]
[www.brunel.ac.uk/SiteElements/images/favicon/apple-icon-72x72.png]
[www.brunel.ac.uk/SiteElements/images/favicon/apple-icon-76x76.png]
[www.brunel.ac.uk/SiteElements/images/favicon/apple-icon-114x114.png]
[www.brunel.ac.uk/SiteElements/images/favicon/apple-icon-120x120.png]
[www.brunel.ac.uk/SiteElements/images/favicon/apple-icon-144x144.png]
[www.brunel.ac.uk/SiteElements/images/favicon/apple-icon-152x152.png]
[www.brunel.ac.uk/SiteElements/images/favicon/apple-icon-180x180.png]
[www.brunel.ac.uk/SiteElements/images/favicon/android-icon-192x192.png]
[www.brunel.ac.uk/SiteElements/images/favicon/favicon-32x32.png]
[www.brunel.ac.uk/SiteElements/images/favicon/favicon-96x96.png]
[www.brunel.ac.uk/SiteElements/images/favicon/favicon-16x16.png]
[www.brunel.ac.uk/SiteElements/images/brunel-logo-blue.png]
[www.brunel.ac.uk/SiteElements/images/favicon/manifest.json]
[www.brunel.ac.uk/SiteElements/images/recite-button.png]
[www.brunel.ac.uk/SiteElements/images/brunel-logo.png]
[www.brunel.ac.uk/SiteElements/images/white-arrow2.svg]
[www.brunel.ac.uk/study/foundation-study/home.html]
[www.brunel.ac.uk/study/Course-listinge8f2.html]
[www.brunel.ac.uk/study/applicants/foundation-courses-how-to-apply.html]
[www.brunel.ac.uk/study/brunel-pathway-college/home.html]
[www.brunel.ac.uk/study/undergraduate-study.html]
[www.brunel.ac.uk/study/Course-listing875a.html]
[www.brunel.ac.uk/study/open-days.html]
[www.brunel.ac.uk/study/on-demand.html]
[www.brunel.ac.uk/study/undergraduate-fees-and-funding.html]
[www.brunel.ac.uk/study/applicants/undergraduate-courses-how-to-apply.html]
[www.brunel.ac.uk/study/applicants/undergraduate-courses-after-you-have-applied.html]
[www.brunel.ac.uk/study/schools-and-colleges/widening-access/mature-students.html]
[www.brunel.ac.uk/study/information-for-parents-and-schools.html]
[www.brunel.ac.uk/study/schools-and-colleges.html]
[www.brunel.ac.uk/higher-and-degree-apprenticeships.html]
[www.brunel.ac.uk/study/postgraduate-study.html]
[www.brunel.ac.uk/study/Course-listingdda1.html]
[www.brunel.ac.uk/study/open-days/postgraduate-open-evenings.html]
[www.brunel.ac.uk/study/postgraduate-fees-and-funding.html]
[www.brunel.ac.uk/study/applicants/postgraduate-courses-how-to-apply.html]
[www.brunel.ac.uk/study/applicants/postgraduate-courses-after-you-have-applied.html]
[www.brunel.ac.uk/study/postgraduate-study/graduate-school.html]
[www.brunel.ac.uk/study/postgraduate-study/brunel-online.html]
[www.brunel.ac.uk/international.html]
[www.brunel.ac.uk/study/Course-listing3d4f.html]
[www.brunel.ac.uk/international/fees-and-funding.html]
[www.brunel.ac.uk/international/yourcountry.html]
[www.brunel.ac.uk/international/visas-and-immigration.html]
[www.brunel.ac.uk/international/applicants/how-to-apply-international-students/home.html]
[www.brunel.ac.uk/international/applicants/after-you-have-applied-international-students/home.html]
[www.brunel.ac.uk/international/exchanges-and-study-abroad-programmes.html]
[www.brunel.ac.uk/international/language-centre.html]
[www.brunel.ac.uk/international/advisors-zone.html]
[www.brunel.ac.uk/global-engagement.html]
[www.brunel.ac.uk/subjects.html]
[www.brunel.ac.uk/advanced-clinical-practice.html]
[www.brunel.ac.uk/aerospace-engineering.html]
[www.brunel.ac.uk/anthropology.html]
[www.brunel.ac.uk/study/postgraduate/Art-Psychotherapy-MA.html]
[www.brunel.ac.uk/biomedical-sciences.html]
[www.brunel.ac.uk/business-school.html]
[www.brunel.ac.uk/chemical-engineering.html]
[www.brunel.ac.uk/civil-engineering.html]
[www.brunel.ac.uk/study/postgraduate/clinical-education-pgcert-pgdip-and-msc.html]
[www.brunel.ac.uk/communication-and-media-studies.html]
[www.brunel.ac.uk/computer-science.html]
[www.brunel.ac.uk/creative-writing.html]
[www.brunel.ac.uk/criminology.html]
[www.brunel.ac.uk/brunel-design-school.html]
[www.brunel.ac.uk/economics-and-finance.html]
[www.brunel.ac.uk/education.html]
[www.brunel.ac.uk/electronic-and-electrical-engineering.html]
[www.brunel.ac.uk/english.html]
[www.brunel.ac.uk/environmental-sciences.html]
[www.brunel.ac.uk/film-and-television-studies.html]
[www.brunel.ac.uk/study/undergraduate/Flood-and-Coastal-Engineering-BSc.html]
[www.brunel.ac.uk/games-design.html]
[www.brunel.ac.uk/global-challenges.html]
[www.brunel.ac.uk/history.html]
[www.brunel.ac.uk/journalism.html]
[www.brunel.ac.uk/law.html]
[www.brunel.ac.uk/life-sciences.html]
[www.brunel.ac.uk/mathematics.html]
[www.brunel.ac.uk/mechanical-engineering.html]
[www.brunel.ac.uk/brunel-medical-school.html]
[www.brunel.ac.uk/musculoskeletal-ultrasound.html]
[www.brunel.ac.uk/music.html]
[www.brunel.ac.uk/nursing.html]
[www.brunel.ac.uk/occupational-therapy.html]
[www.brunel.ac.uk/physician-associate.html]
[www.brunel.ac.uk/physiotherapy.html]
[www.brunel.ac.uk/politics-and-international-relations.html]
[www.brunel.ac.uk/psychology.html]
[www.brunel.ac.uk/public-health-and-health-promotion.html]
[www.brunel.ac.uk/social-work.html]
[www.brunel.ac.uk/sociology.html]
[www.brunel.ac.uk/sport-health-and-exercise-sciences.html]
[www.brunel.ac.uk/theatre.html]
[www.brunel.ac.uk/life.html]
[www.brunel.ac.uk/life/accommodation.html]
[www.brunel.ac.uk/virtualtour/index.html]
[www.brunel.ac.uk/life/sport.html]
[www.brunel.ac.uk/life/get-involved.html]
[www.brunel.ac.uk/life/partnerships/student-charter.html]
[www.brunel.ac.uk/life/shops.html]
[www.brunel.ac.uk/life/study-support.html]
[www.brunel.ac.uk/life/library.html]
[www.brunel.ac.uk/life/study-support/computer-services.html]
[www.brunel.ac.uk/study/academic-skills.html]
[www.brunel.ac.uk/international/language-centre/Academic-English.html]
[www.brunel.ac.uk/life/supporting-you.html]
[www.brunel.ac.uk/life/supporting-you/disability-and-dyslexia.html]
[www.brunel.ac.uk/life/supporting-you/faith-and-religion.html]
[www.brunel.ac.uk/life/supporting-you/medical-centre.html]
[www.brunel.ac.uk/pdc.html]
[www.brunel.ac.uk/pdc/job-shop.html]
[www.brunel.ac.uk/pdc/careers.html]
[www.brunel.ac.uk/pdc/work-placements.html]
[www.brunel.ac.uk/pdc/modern-languages.html]
[www.brunel.ac.uk/pdc/entrepreneur-hub.html]
[www.brunel.ac.uk/pdc/volunteers/brunel-buddies.html]
[www.brunel.ac.uk/research.html]
[www.brunel.ac.uk/research/Our-research.html]
[www.brunel.ac.uk/research/Our-research/Research-A-Z.html]
[www.brunel.ac.uk/research/Research-directory.html]
[www.brunel.ac.uk/people.html]
[www.brunel.ac.uk/research/Our-research/REF-2021.html]
[www.brunel.ac.uk/research/Research-Integrity.html]
[www.brunel.ac.uk/research/News-and-events.html]
[www.brunel.ac.uk/research/Research-degrees.html]
[www.brunel.ac.uk/research/Research-degrees/How-to-apply.html]
[www.brunel.ac.uk/research/Research-degrees/Research-degree-funding.html]
[www.brunel.ac.uk/research/Research-degrees/Research-fees-explained.html]
[www.brunel.ac.uk/global-engagement/our-partners/Our-partners-and-networks.91.delayed]
[www.brunel.ac.uk/global-engagement/our-partners/Our-partners-and-networks.html]
[www.brunel.ac.uk/alumni/International-Alumni-Relations.html]
[www.brunel.ac.uk/business.html]
[www.brunel.ac.uk/business/Business-advice-and-support.html]
[www.brunel.ac.uk/pdc/employers.html]
[www.brunel.ac.uk/business/Research-and-development.html]
[www.brunel.ac.uk/business/Commercial-Services.html]
[www.brunel.ac.uk/procurement-services.html]
[www.brunel.ac.uk/business/Help-for-SMEs.html]
[www.brunel.ac.uk/business/Health-and-Safety-training-courses.html]
[www.brunel.ac.uk/business/newsletter.html]
[www.brunel.ac.uk/business/support-brunel.html]
[www.brunel.ac.uk/business/Stay-updated/Contact-us.html]
[www.brunel.ac.uk/news-and-events.html]
[www.brunel.ac.uk/alumni.html]
[www.brunel.ac.uk/alumni/Brunel-Alumni/Your-alumni-network.html]
[www.brunel.ac.uk/alumni/Brunel-Alumni/Alumni-benefits.html]
[www.brunel.ac.uk/alumni/Brunel-Alumni/New-graduates.html]
[www.brunel.ac.uk/alumni/Brunel-Alumni/meet-our-alumni.html]
[www.brunel.ac.uk/alumni/Brunel-Alumni/Giving-back-to-Brunel.html]
[www.brunel.ac.uk/alumni/Brunel-Alumni/giving-back-to-brunel/guide-our-students.html]
[www.brunel.ac.uk/alumni/Brunel-Alumni/Meet-the-team.html]
[www.brunel.ac.uk/alumni/Brunel-Alumni/Alumni-FAQs.html]
[www.brunel.ac.uk/alumni/News-and-events.html]
[www.brunel.ac.uk/alumni/Awards-and-Certificates.html]
[www.brunel.ac.uk/alumni/Brunel-Alumni/Privacy-Policy.html]
[www.brunel.ac.uk/about.html]
[www.brunel.ac.uk/about/finding-us.html]
[www.brunel.ac.uk/about/contact-us.html]
[www.brunel.ac.uk/about/people/home.html]
[www.brunel.ac.uk/about/our-history/home.html]
[www.brunel.ac.uk/about/brunel-2030.html]
[www.brunel.ac.uk/about/administration/governance-and-university-committees/home.html]
[www.brunel.ac.uk/about/administration.html]
[www.brunel.ac.uk/about/admissions.html]
[www.brunel.ac.uk/about/quality-assurance/home.html]
[www.brunel.ac.uk/about/administration/equality-and-diversity/home.html]
[www.brunel.ac.uk/about/brunel-public-policy.html]
[www.brunel.ac.uk/about/education-and-student-experience.html]
[www.brunel.ac.uk/about/administration/access-and-participation.html]
[www.brunel.ac.uk/work-for-us.html]
[www.brunel.ac.uk/about/environment-and-sustainability/home.html]
[www.brunel.ac.uk/about/chmls/brunel-partners-academic-centre-for-health-sciences.html]
[www.brunel.ac.uk/about/civic-engagement.html]
[www.brunel.ac.uk/about/public-engagement.html]
[www.brunel.ac.uk/about/cbass.html]
[www.brunel.ac.uk/about/cedps.html]
[www.brunel.ac.uk/about/chmls.html]
[www.brunel.ac.uk/SiteElements/images/home-video-banner-01.jpg]
[www.brunel.ac.uk/study.html]
[www.brunel.ac.uk/SiteElements/images/video-pause.png]
[www.brunel.ac.uk/study/open-days/undergraduate-open-days.html]
[www.brunel.ac.uk/study/postgraduate-study/january-starts.html]
[www.brunel.ac.uk/study/open-days/Images/two-students-working-on-a-laptop-in-a-classroomc68d.jpg]
[www.brunel.ac.uk/study/open-days/Images/female-students-working-on-a-laptop-in-front-of-the-Brunel-Lecture-Centrec68d.jpg]
[www.brunel.ac.uk/news-and-events/events/2022/public-lecture-2022-choosing-career-and-children.html]
[www.brunel.ac.uk/news-and-events/events/2022/public-lecture-2022-the-chemical-children.html]
[www.brunel.ac.uk/news-and-events/news/articles/A-video-of-you-goes-viral-without-your-consent-–-what-does-the-law-say.html]
[www.brunel.ac.uk/news-and-events/news/images/Phone-shock-618x38464c0.jpg]
[www.brunel.ac.uk/news-and-events/news/articles/Green-Gown-Award-for-Global-Challenges-degree.html]
[www.brunel.ac.uk/news-and-events/news/images/Green-Gown-award-618x38464c0.jpg]
[www.brunel.ac.uk/news-and-events/news/articles/Creative-Connections-Partnering-with-West-London's-creative-and-cultural-industries.html]
[www.brunel.ac.uk/news-and-events/news/images/Creative-Connections-1-618x38464c0.jpg]
[www.brunel.ac.uk/news-and-events/news/articles/Facial-recognition-why-we-shouldn't-ban-the-police-from-using-it-altogether.html]
[www.brunel.ac.uk/news-and-events/news/images/Police-facial-recognition-618x38464c0.jpg]
[www.brunel.ac.uk/about/images/International-students-banner702c.jpg]
[www.brunel.ac.uk/study/open-days/Images/home-page-accommodation-component702c.jpg]
[www.brunel.ac.uk/life/welcome/images/Welcome-week-2020-video-box702c.jpg]
[www.brunel.ac.uk/study/applicants/images-optimised/undergraduate-after-you-have-applied-what-happens-next702c.jpg]
[www.brunel.ac.uk/study/open-days/Images/Discoverbrunelcompoent702c.jpg]
[www.brunel.ac.uk/studentchat.html]
[www.brunel.ac.uk/studentchat/images/UniBuddy-sign-chat-to-staff-and-studentsd402.jpg]
[www.brunel.ac.uk/iambrunel.html]
[www.brunel.ac.uk/study/open-days/Images/Open-Day-IamBrunel-componentd402.jpg]
[www.brunel.ac.uk/about/images/Eastern-Gateway-building-nightc68d.jpg]
[www.brunel.ac.uk/images/Work-for-usc68d.jpg]
[www.brunel.ac.uk/components/DigiComms-only/Social-Media/Instagram/images/volunteeringc9b5.jpg]
[www.brunel.ac.uk/about/administration/information-access/freedom-of-information.html]
[www.brunel.ac.uk/news-and-events/contact-us.html]
[www.brunel.ac.uk/About-this-website/the-student-contract.html]
[www.brunel.ac.uk/About-this-website/Accessibility.html]
[www.brunel.ac.uk/About-this-website/Privacy-Policy-and-Copyright-Statement.html]
[www.brunel.ac.uk/about/admissions/admissions-transparency.html]
[www.brunel.ac.uk/SiteElements/images/footer-logo.png]
[www.brunel.ac.uk/SiteElements/js/vendor/modernizr.js]
[www.brunel.ac.uk/SiteElements/js/min/brunel.min356a.js]
[www.brunel.ac.uk/SiteElements/js/AccordionBoxInit.js]
[www.brunel.ac.uk/SiteElements/plugins/Responsive-tables/responsive-tables.js]
[www.brunel.ac.uk/index.html]
[www.brunel.ac.uk/SiteElements/images/bg/magGlass.svg]
[www.brunel.ac.uk/SiteElements/images/bg/close.svg]
[www.brunel.ac.uk/SiteElements/fonts/montserrat-bold-webfont-eot.eot]
[www.brunel.ac.uk/SiteElements/fonts/montserrat-bold-webfont-eotd41d.eot]
[www.brunel.ac.uk/SiteElements/fonts/montserrat-bold-webfont-woff.woff]
[www.brunel.ac.uk/SiteElements/fonts/montserrat-bold-webfont-ttf.ttf]
[www.brunel.ac.uk/SiteElements/fonts/montserrat-bold-webfont-svg.svg]
[www.brunel.ac.uk/SiteElements/fonts/montserrat-regular-webfont-eot.eot]
[www.brunel.ac.uk/SiteElements/fonts/montserrat-regular-webfont-eotd41d.eot]
[www.brunel.ac.uk/SiteElements/fonts/montserrat-regular-webfont-woff.woff]
[www.brunel.ac.uk/SiteElements/fonts/montserrat-regular-webfont-ttf.ttf]
[www.brunel.ac.uk/SiteElements/fonts/montserrat-regular-webfont-svg.svg]
[www.brunel.ac.uk/SiteElements/fonts/montserrat-semibold-webfont-eot.eot]
[www.brunel.ac.uk/SiteElements/fonts/montserrat-semibold-webfont-eotd41d.eot]
[www.brunel.ac.uk/SiteElements/fonts/montserrat-semibold-webfont-woff.woff]
[www.brunel.ac.uk/SiteElements/fonts/montserrat-semibold-webfont-ttf.ttf]
[www.brunel.ac.uk/SiteElements/fonts/montserrat-semibold-webfont-svg.svg]
[www.brunel.ac.uk/SiteElements/fonts/icomoon-eot6234.eot]
[www.brunel.ac.uk/SiteElements/fonts/icomoon-ttf6234.ttf]
[www.brunel.ac.uk/SiteElements/fonts/icomoon-woff6234.woff]
[www.brunel.ac.uk/SiteElements/fonts/icomoon-svg6234.svg]
[www.brunel.ac.uk/SiteElements/images/bg/button-bg.svg]
[www.brunel.ac.uk/SiteElements/css/brunelaae2.css]
[www.brunel.ac.uk/SiteElements/css/ToBeSassedef4c.css]
[www.brunel.ac.uk/SiteElements/plugins/Responsive-tables/responsive-tables92fe.css]
[www.brunel.ac.uk/SiteElements/css/print2a9e.css]
[www.brunel.ac.uk/WebResourceb0d5.js]
[www.brunel.ac.uk/SiteElements/images/white-arrow2.svg]
[www.brunel.ac.uk/study/foundation-study/home.html]
[www.brunel.ac.uk/study/Course-listinge8f2.html]
[www.brunel.ac.uk/study/applicants/foundation-courses-how-to-apply.html]
[www.brunel.ac.uk/study/brunel-pathway-college/home.html]
[www.brunel.ac.uk/study/undergraduate-study.html]
[www.brunel.ac.uk/study/Course-listing875a.html]
[www.brunel.ac.uk/study/open-days.html]
[www.brunel.ac.uk/study/on-demand.html]
[www.brunel.ac.uk/study/undergraduate-fees-and-funding.html]
[www.brunel.ac.uk/study/applicants/undergraduate-courses-how-to-apply.html]
[www.brunel.ac.uk/study/applicants/undergraduate-courses-after-you-have-applied.html]
[www.brunel.ac.uk/study/schools-and-colleges/widening-access/mature-students.html]
[www.brunel.ac.uk/study/information-for-parents-and-schools.html]
[www.brunel.ac.uk/study/schools-and-colleges.html]
[www.brunel.ac.uk/higher-and-degree-apprenticeships.html]
[www.brunel.ac.uk/study/postgraduate-study.html]
[www.brunel.ac.uk/study/Course-listingdda1.html]
[www.brunel.ac.uk/study/Course-listing5ad8.html]
[www.brunel.ac.uk/study/Course-listing2517.html]
[www.brunel.ac.uk/study/open-days/postgraduate-open-evenings.html]
[www.brunel.ac.uk/about/cedps/images/Graduation-cedpsdcb9.jpg]
[www.brunel.ac.uk/about/cedps/images/Graduation-cedps3865.jpg]
[www.brunel.ac.uk/about/cedps/images/Graduation-cedps5d26.jpg]
[www.brunel.ac.uk/study/postgraduate-fees-and-funding/fees.html]
[www.brunel.ac.uk/study/images/work-and-study702c.jpg]
[www.brunel.ac.uk/study/postgraduate-fees-and-funding/funding.html]
[www.brunel.ac.uk/study/images/pg-funding-box702c.jpg]
[www.brunel.ac.uk/study/postgraduate-fees-and-funding/postgraduate-masters-loan.html]
[www.brunel.ac.uk/study/postgraduate-fees-and-funding/other-financial-support.html]
[www.brunel.ac.uk/study/postgraduate-fees-and-funding/other-funding.html]
[www.brunel.ac.uk/study/postgraduate-fees-and-funding/academic-prizes.html]
[www.brunel.ac.uk/study/postgraduate-fees-and-funding.html]
[www.brunel.ac.uk/study/applicants/images-optimised/postgraduate-how-to-apply-banner-lady-at-open-eveningdcb9.jpg]
[www.brunel.ac.uk/study/applicants/images-optimised/postgraduate-how-to-apply-banner-lady-at-open-evening3865.jpg]
[www.brunel.ac.uk/study/applicants/images-optimised/postgraduate-how-to-apply-banner-lady-at-open-evening5d26.jpg]
[www.brunel.ac.uk/study/applicants/postgraduate-courses-how-to-apply/postgraduate-courses.html]
[www.brunel.ac.uk/study/applicants/images-optimised/postgraduate-how-to-apply-masters-coursesc68d.jpg]
[www.brunel.ac.uk/study/applicants/images-optimised/postgraduate-how-to-apply-PhDc68d.jpg]
[www.brunel.ac.uk/international/applicants/images/international-after-youve-applied-apply-for-fundingc68d.jpg]
[www.brunel.ac.uk/study/applicants/images-optimised/postgraduate-how-to-apply-FAQsc68d.jpg]
[www.brunel.ac.uk/study/applicants/postgraduate-courses-how-to-apply/top-tips-for-a-great-postgraduate-application.html]
[www.brunel.ac.uk/study/applicants/images-optimised/postgraduate-how-to-apply-top-tips702c.jpg]
[www.brunel.ac.uk/study/applicants/images-optimised/postgraduate-how-to-apply-scholarships702c.jpg]
[www.brunel.ac.uk/international/applicants/how-to-apply-international-students/how-to-apply-for-a-postgraduate-course.html]
[www.brunel.ac.uk/international/applicants/images/international-how-to-apply-postgraduate-component702c.jpg]
[www.brunel.ac.uk/study/applicants/documents/pdf/Applicant-Journey-PGT-HEU.pdf]
[www.brunel.ac.uk/study/applicants/documents/pdf/Applicant-Journey-PGR-HEU.pdf]
[www.brunel.ac.uk/study/applicants/postgraduate-courses-how-to-apply.html]
[www.brunel.ac.uk/study/applicants/images-optimised/postgraduate-after-you-have-applied-bannerdcb9.jpg]
[www.brunel.ac.uk/study/applicants/images-optimised/postgraduate-after-you-have-applied-banner3865.jpg]
[www.brunel.ac.uk/study/applicants/images-optimised/postgraduate-after-you-have-applied-banner5d26.jpg]
[www.brunel.ac.uk/study/applicants/postgraduate-courses-after-you-have-applied/youve-applied-what-happens-next.html]
[www.brunel.ac.uk/study/applicants/images-optimised/postgraduate-after-you-have-applied-what-happens-nextc68d.jpg]
[www.brunel.ac.uk/study/applicants/images-optimised/Postgraduate-after-you-have-applied-track-applicationc68d.jpg]
[www.brunel.ac.uk/study/applicants/postgraduate-courses-after-you-have-applied/how-to-accept-your-postgraduate-offer.html]
[www.brunel.ac.uk/study/applicants/images-optimised/postgraduate-after-you-have-applied-how-to-accept-offerc68d.jpg]
[www.brunel.ac.uk/study/applicants/images-optimised/postgraduate-after-you-have-applied-funding-money-imagec68d.jpg]
[www.brunel.ac.uk/study/applicants/images-optimised/postgraduate-after-you-have-applied-accommodation702c.jpg]
[www.brunel.ac.uk/international/applicants/images/international-after-youve-applied-FAQs-female-ambassador-and-male702c.jpg]
[www.brunel.ac.uk/study/applicants/images-optimised/postgraduate-after-you-have-applied-international-students702c.jpg]
[www.brunel.ac.uk/study/applicants/postgraduate-courses-after-you-have-applied.html]
[www.brunel.ac.uk/study/postgraduate-study/graduate-school/Images/student-study1dcb9.jpg]
[www.brunel.ac.uk/study/postgraduate-study/graduate-school/Images/student-study13865.jpg]
[www.brunel.ac.uk/study/postgraduate-study/graduate-school/Images/student-study15d26.jpg]
[www.brunel.ac.uk/study/postgraduate-study/graduate-school/Support-for-doctoral-researchers.html]
[www.brunel.ac.uk/research/Images/CSP-5941-2293702c.jpg]
[www.brunel.ac.uk/research/Our-research/support.html]
[www.brunel.ac.uk/research/Images/Pothole-repair-machine-03-5395-1702c.jpg]
[www.brunel.ac.uk/study/postgraduate-study/graduate-school/Support-for-doctoral-supervisors-and-researcher-development-advisors.html]
[www.brunel.ac.uk/research/Images/supervisor1702c.jpg]
[platform.twitter.com/widgets.js]
[www.brunel.ac.uk/study/postgraduate-study/graduate-school.html]
[www.brunel.ac.uk/study/postgraduate-study/images/Laptop-femaledcb9.jpg]
[www.brunel.ac.uk/study/postgraduate-study/images/Laptop-female3865.jpg]
[www.brunel.ac.uk/study/postgraduate-study/images/Laptop-female5d26.jpg]
[www.brunel.ac.uk/study/postgraduate-study/images/Micro-Nano-Manufacturing-0A-3809702c.jpg]
[www.brunel.ac.uk/study/postgraduate-study/images/Lecturer-smiling-during-an-Engineering-and-Management-computer-class702c.jpg]
[www.brunel.ac.uk/study/postgraduate-study/images/Public-Health-lecturer-speaking-to-his-class702c.jpg]
[www.brunel.ac.uk/study/postgraduate-study/images/Psychological-Sciences-MSc-conversion-online702c.jpg]
[www.brunel.ac.uk/study/open-days/Images/students-on-laptop-in-1966c68d.jpg]
[www.brunel.ac.uk/study/postgraduate-study/brunel-online.html]
[www.brunel.ac.uk/international/assets/International-banner-images/International-home-bannerdcb9.jpg]
[www.brunel.ac.uk/international/assets/International-banner-images/International-home-banner3865.jpg]
[www.brunel.ac.uk/international/assets/International-banner-images/International-home-banner5d26.jpg]
[www.brunel.ac.uk/about/images/international-student-greeting-the-audiencec68d.png]
[www.brunel.ac.uk/study/open-days/Images/open-day-component-1-2019c68d.jpg]
[www.brunel.ac.uk/international/images/Aerial-Brunel-Campus-07-4029c68d.jpg]
[www.brunel.ac.uk/study/open-days/Images/open-day-component-2-2019702c.jpg]
[www.brunel.ac.uk/international/images/international-students-greeting702c.jpg]
[www.brunel.ac.uk/international/applicants/how-to-apply-international-students.html]
[www.brunel.ac.uk/international/applicants/images/group-of-students-in-front-of-laptops702c.jpg]
[www.brunel.ac.uk/international/images/International-Arrivals-sign-Heathrow702c.jpg]
[www.brunel.ac.uk/international/events-in-your-country.html]
[www.brunel.ac.uk/international/images/students-receiving-results-and-scholarships-for-fees-and-funding702c.jpg]
[www.brunel.ac.uk/life/accommodation/living-on-campus.html]
[www.brunel.ac.uk/international/images/Accommodation-for-international-studentsc68d.jpg]
[www.brunel.ac.uk/international/living-in-the-UK.html]
[www.brunel.ac.uk/international/images/bus-tripc68d.jpg]
[cdn.unibuddy.co/unibuddy-popcard.js]
[www.brunel.ac.uk/international/images/Blue-600x100300x50.png]
[www.brunel.ac.uk/international.html]
[www.brunel.ac.uk/study/Course-listing6aab.html]
[www.brunel.ac.uk/study/Course-listingeafb.html]
[www.brunel.ac.uk/study/Course-listing92bb.html]
[www.brunel.ac.uk/study/Course-listing5783.html]
[www.brunel.ac.uk/study/Course-listingd1ed.html]
[www.brunel.ac.uk/study/Course-listing7516.html]
[www.brunel.ac.uk/study/Course-listing91a1.html]
[www.brunel.ac.uk/study/Course-listing4d0b.html]
[www.brunel.ac.uk/study/Course-listing04d2.html]
[www.brunel.ac.uk/study/Course-listing2a31.html]
[www.brunel.ac.uk/study/Course-listing4550.html]
[www.brunel.ac.uk/study/Course-listing2ac2.html]
[www.brunel.ac.uk/study/Course-listingd4b7.html]
[www.brunel.ac.uk/study/Course-listinge82a.html]
[www.brunel.ac.uk/study/Course-listing3d4f.html]
[www.brunel.ac.uk/study/Course-listing5806.html]
[www.brunel.ac.uk/international/contact-us.39e.delayed]
[www.brunel.ac.uk/international/contact-us.html]
[www.brunel.ac.uk/international/fees-and-funding/US-loans.html]
[www.brunel.ac.uk/international/fees-and-funding.html]
[www.brunel.ac.uk/international/images/Student-group-5459dcb9.jpg]
[www.brunel.ac.uk/international/images/Student-group-54593865.jpg]
[www.brunel.ac.uk/international/images/Student-group-54595d26.jpg]
[www.brunel.ac.uk/SiteElements/International/world-locator-html5/map.css]
[www.brunel.ac.uk/SiteElements/International/world-locator-html5/raphael.min.js]
[www.brunel.ac.uk/SiteElements/International/world-locator-html5/settings.js]
[www.brunel.ac.uk/SiteElements/International/world-locator-html5/map.js]
[www.brunel.ac.uk/international/yourcountry/Botswana.html]
[www.brunel.ac.uk/international/yourcountry/Ghana.html]
[www.brunel.ac.uk/international/yourcountry/Kenya.html]
[www.brunel.ac.uk/international/yourcountry/Mauritius.html]
[www.brunel.ac.uk/international/yourcountry/Nigeria.html]
[www.brunel.ac.uk/international/yourcountry/Rwanda.html]
[www.brunel.ac.uk/international/yourcountry/South-Africa.html]
[www.brunel.ac.uk/international/yourcountry/Tanzania.html]
[www.brunel.ac.uk/international/yourcountry/Tunisia.html]
[www.brunel.ac.uk/international/yourcountry/Uganda.html]
[www.brunel.ac.uk/international/yourcountry/Zimbabwe.html]
[www.brunel.ac.uk/international/yourcountry/Argentina.html]
[www.brunel.ac.uk/international/yourcountry/Bolivia.html]
[www.brunel.ac.uk/international/yourcountry/Brazil.html]
[www.brunel.ac.uk/international/yourcountry/Canada.html]
[www.brunel.ac.uk/international/yourcountry/Chile.html]
[www.brunel.ac.uk/international/yourcountry/Colombia.html]
[www.brunel.ac.uk/international/yourcountry/Costa-Rica.html]
[www.brunel.ac.uk/international/yourcountry/Dominican-Republic.html]
[www.brunel.ac.uk/international/yourcountry/Ecuador.html]
[www.brunel.ac.uk/international/yourcountry/Mexico.html]
[www.brunel.ac.uk/international/yourcountry/Panama.html]
[www.brunel.ac.uk/international/yourcountry/Peru.html]
[www.brunel.ac.uk/international/yourcountry/Trinidad-Tobago.html]
[www.brunel.ac.uk/international/yourcountry/USA.html]
[www.brunel.ac.uk/international/yourcountry/Uruguay.html]
[www.brunel.ac.uk/international/yourcountry/Venezuela.html]
[www.brunel.ac.uk/international/yourcountry/Brunei.html]
[www.brunel.ac.uk/international/yourcountry/Cambodia.html]
[www.brunel.ac.uk/international/yourcountry/China.html]
[www.brunel.ac.uk/international/yourcountry/Hong-Kong.html]
[www.brunel.ac.uk/international/yourcountry/Indonesia.html]
[www.brunel.ac.uk/international/yourcountry/Japan.html]
[www.brunel.ac.uk/international/yourcountry/Malaysia.html]
[www.brunel.ac.uk/international/yourcountry/Myanmar-Burma.html]
[www.brunel.ac.uk/international/yourcountry.html]
